// Jest Snapshot v1, https://goo.gl/fbAQLP

exports[`renders ProfileRockets correctly 1`] = `
<div>
  <h3>
    My rockets
  </h3>
  <ul
    class="list-group"
  />
</div>
`;
