// Jest Snapshot v1, https://goo.gl/fbAQLP

exports[`renders Navbar correctly 1`] = `
<div>
  <nav
    class="sc-aXZVg ddYsyR mb-4 py-3"
  >
    <div
      class="container"
    >
      <div
        class="justify-content-between align-items-center hstack"
      >
        <div
          class="hstack gap-3"
        >
          <img
            class=""
            src="planet.png"
            style="width: 3em; height: 3em;"
          />
          <h3>
            Space Traveler's Hub
          </h3>
        </div>
        <ul
          class="hstack gap-4"
          style="margin-bottom: 0px;"
        >
          <li>
            <a
              aria-current="page"
              class="active"
              href="/"
            >
              rockets
            </a>
          </li>
          <li>
            <a
              class=""
              href="/missions"
            >
              missions
            </a>
          </li>
          <div
            class="sc-gEvEer hUUilV vr"
          />
          <li>
            <a
              class=""
              href="/my-profile"
            >
              my profile
            </a>
          </li>
        </ul>
      </div>
    </div>
  </nav>
</div>
`;
